Script started on 2022-09-11 13:16:41+03:00 [TERM="xterm-256color" TTY="/dev/pts/2" COLUMNS="167" LINES="30"]
]0;kahukas@DESKTOP-OJF6RLO: ~/FSO22-containers/todo-backend[01;32mkahukas@DESKTOP-OJF6RLO[00m:[01;34m~/FSO22-containers/todo-backend[00m$ docker container ls
CONTAINER ID   IMAGE     COMMAND                  CREATED         STATUS         PORTS                     NAMES
1c4642d75392   mongo     "docker-entrypoint.sâ€¦"   2 minutes ago   Up 2 minutes   0.0.0.0:3456->27017/tcp   todo-backend-mongo-1
]0;kahukas@DESKTOP-OJF6RLO: ~/FSO22-containers/todo-backend[01;32mkahukas@DESKTOP-OJF6RLO[00m:[01;34m~/FSO22-containers/todo-backend[00m$ docker exec -it todo-backend-mongo-1 bash
root@1c4642d75392:/# [Kroot@1c4642d75392:/# mongo
bash: mongo: command not found
root@1c4642d75392:/# whereis mongo
mongo:
root@1c4642d75392:/# mongosh
]0;mongosh mongodb://127.0.0.1:27017/?directConnection=true&serverSelectionTimeoutMS=2000Current Mongosh Log ID:	631db6f3e7e461f5fb0eea69
Connecting to:		[1m[32mmongodb://127.0.0.1:27017/?directConnection=true&serverSelectionTimeoutMS=2000&appName=mongosh+1.5.4[0m
Using MongoDB:		6.0.1
[1m[33mUsing Mongosh[0m:		1.5.4

For mongosh info see: [1mhttps://docs.mongodb.com/mongodb-shell/[0m


To help improve our products, anonymous usage data is collected and sent to MongoDB periodically (https://www.mongodb.com/legal/privacy-policy).
You can opt-out by running the [1mdisableTelemetry()[0m command.

[1G[0J [1G[1G[0Jtest> [7Gshow dbs
Uncaught [1m[31mMongoServerError[0m: command listDatabases requires authentication
[1G[0Jtest> [7G[1G[0Jtest> show dbs[15G
Uncaught [1m[31mMongoServerError[0m: command listDatabases requires authentication
[1G[0Jtest> [7G-u root -p example
Uncaught:
[1m[31mSyntaxError[0m: Missing semicolon. (1:2)

[0m[31m[1m>[22m[39m[90m 1 |[39m [33m-[39mu root [33m-[39mp example[0m
[0m [90m   |[39m   [31m[1m^[22m[39m[0m
[0m [90m 2 |[39m[0m

[1G[0Jtest> [7G[1G[0Jtest> -u root -p example[25G[1D[1D[1D[1D[1D[1D[1D[1D[1D[1D[1D[1D[1D[1D[1D[1D[1G[0Jtest> -u: root -p example[10G[16C
Uncaught:
[1m[31mSyntaxError[0m: Missing semicolon. (1:2)

[0m[31m[1m>[22m[39m[90m 1 |[39m [33m-[39mu[33m:[39m root [33m-[39mp example[0m
[0m [90m   |[39m   [31m[1m^[22m[39m[0m
[0m [90m 2 |[39m[0m

[1G[0Jtest> [7G[1G[0Jtest> -u: root -p example[26G[1D[1D[1D[1D[1D[1D[1D[1D[1D[1D[1D[1D[1D[1D[1D[1D[1G[0Jtest> -u root -p example[9G[1G[0Jtest> -u; root -p example[10G[16C
Uncaught:
[1m[31mSyntaxError[0m: Missing semicolon. (1:11)

[0m[31m[1m>[22m[39m[90m 1 |[39m [33m-[39mu[33m;[39m root [33m-[39mp example[0m
[0m [90m   |[39m            [31m[1m^[22m[39m[0m
[0m [90m 2 |[39m[0m

[1G[0Jtest> [7G[1G[0Jtest> -u; root -p example[26G[1D[1D[1D[1D[1D[1D[1D[1D[1G[0Jtest> -u; root -p; example[19G[8C
Uncaught [1m[31mReferenceError[0m: u is not defined
[1G[0Jtest> [7Gdb.auth(root, example)
Uncaught [1m[31mReferenceError[0m: root is not defined
[1G[0Jtest> [7G
(To exit, press Ctrl+C again or Ctrl+D or type .exit)
[1G[0Jtest> [7G
root@1c4642d75392:/# mongosh adming -  u root          -u root -p example
]0;mongosh mongodb://<credentials>@127.0.0.1:27017/admin?directConnection=true&serverSelectionTimeoutMS=2000Current Mongosh Log ID:	631db81a1ec94c59932d4dc2
Connecting to:		[1m[32mmongodb://<credentials>@127.0.0.1:27017/admin?directConnection=true&serverSelectionTimeoutMS=2000&appName=mongosh+1.5.4[0m
Using MongoDB:		6.0.1
[1m[33mUsing Mongosh[0m:		1.5.4

For mongosh info see: [1mhttps://docs.mongodb.com/mongodb-shell/[0m

[1G[0J [1G[1m[33m------[0m
   [1m[33mThe server generated these startup warnings when booting[0m
   2022-09-11T10:14:27.395+00:00: Using the XFS filesystem is strongly recommended with the WiredTiger storage engine. See http://dochub.mongodb.org/core/prodnotes-filesystem
   2022-09-11T10:14:28.080+00:00: /sys/kernel/mm/transparent_hugepage/enabled is 'always'. We suggest setting it to 'never'
   2022-09-11T10:14:28.080+00:00: vm.max_map_count is too low
[1m[33m------[0m

[1m[33m------[0m
   Enable MongoDB's free cloud-based monitoring service, which will then receive and display
   metrics about your deployment (disk utilization, CPU, operation statistics, etc).
   
   The monitoring data will be available on a MongoDB website with a unique URL accessible to you
   and anyone you share the URL with. MongoDB may use this information to make product
   improvements and to suggest MongoDB products and deployment options to you.
   
   To enable free monitoring, run the following command: db.enableFreeMonitoring()
   To permanently disable this reminder, run the following command: db.disableFreeMonitoring()
[1m[33m------[0m

[1G[0Jadmin> [8Gshow dbs
[1madmin[0m         100.00 KiB
[1mconfig[0m        108.00 KiB
[1mlocal[0m          72.00 KiB
[1mthe_database[0m   72.00 KiB
[1G[0Jadmin> [8Gshow colle[1G[0Jadmin> show coll[17G[1G[0Jadmin> show col[16G[1G[0Jadmin> show co[15G[1G[0Jadmin> show c[14G[1G[0Jadmin> show [13G[1G[0Jadmin> show[12G[1G[0Jadmin> sho[11G[1G[0Jadmin> sh[10G[1G[0Jadmin> s[9G[1G[0Jadmin> [8Guse the_database
switched to db the_database
[1G[0Jthe_database> [15Gshow collections
[1mtodos[0m
[1G[0Jthe_database> [15Gdb.todos.fin({[1G[0Jthe_database> db.todos.fin([28G[1G[0Jthe_database> db.todos.fin[27G[1G[0Jthe_database> db.todos.fi[26Gnd({})
[
  {
    _id: ObjectId("631da13175c3c55a69bd33c7"),
    text: [32m'Write code'[39m,
    done: [33mtrue[39m
  },
  {
    _id: ObjectId("631da13175c3c55a69bd33c8"),
    text: [32m'Postman posting final 2'[39m,
    done: [33mtrue[39m
  },
  {
    _id: ObjectId("631da1435147ea19e00a0a27"),
    text: [32m'Postman posting'[39m,
    done: [33mfalse[39m,
    __v: [33m0[39m
  }
]
[1G[0Jthe_database> [15Gdb.todos.insertOne({[32m"[39m[32mt[39m[32me[39m[32mx[39m[32mt[39m[1G[0Jthe_database> db.todos.insertOne({[32m"tex[39m[39G[1G[0Jthe_database> db.todos.insertOne({[32m"te[39m[38G[1G[0Jthe_database> db.todos.insertOne({[32m"t[39m[37G[1G[0Jthe_database> db.todos.insertOne({[32m"[39m[36G[1G[0Jthe_database> db.todos.insertOne({[35Gtext[33mtext[39m: [32m"[39m[32mM[39m[32mo[39m[32mn[39m[32mg[39m[32mo[39m[32mS[39m[32mh[39m[1G[0Jthe_database> db.todos.insertOne({[33mtext[39m: [32m"MongoS[39m[48G[1G[0Jthe_database> db.todos.insertOne({[33mtext[39m: [32m"Mongo[39m[47G[1G[0Jthe_database> db.todos.insertOne({[33mtext[39m: [32m"Mong[39m[46G[1G[0Jthe_database> db.todos.insertOne({[33mtext[39m: [32m"Mon[39m[45G[1G[0Jthe_database> db.todos.insertOne({[33mtext[39m: [32m"Mo[39m[44G[1G[0Jthe_database> db.todos.insertOne({[33mtext[39m: [32m"M[39m[43G[1G[0Jthe_database> db.todos.insertOne({[33mtext[39m: [32m"[39m[42G[32mm[39m[32mo[39m[32mn[39m[32mg[39m[32mo[39m[32ms[39m[32mh[39m [32mc[39m[32ml[39m[32mi[39m[32m"[39m, d[36mdo[39mdone[33mdone[39m: tru[33mtrue[39m,[1G[0Jthe_database> db.todos.insertOne({[33mtext[39m: [32m"mongosh cli"[39m, [33mdone[39m: [33mtrue[39m[66G})
{
  acknowledged: [33mtrue[39m,
  insertedId: ObjectId("631db8ebdfec6326372b6453")
}
[1G[0Jthe_database> [15G[1G[0Jthe_database> db.todos.insertOne({[33mtext[39m: [32m"mongosh cli"[39m, [33mdone[39m: [33mtrue[39m})[68G[1G[0Jthe_database> db.todos.find({})[32G
[
  {
    _id: ObjectId("631da13175c3c55a69bd33c7"),
    text: [32m'Write code'[39m,
    done: [33mtrue[39m
  },
  {
    _id: ObjectId("631da13175c3c55a69bd33c8"),
    text: [32m'Postman posting final 2'[39m,
    done: [33mtrue[39m
  },
  {
    _id: ObjectId("631da1435147ea19e00a0a27"),
    text: [32m'Postman posting'[39m,
    done: [33mfalse[39m,
    __v: [33m0[39m
  },
  {
    _id: ObjectId("631db8ebdfec6326372b6453"),
    text: [32m'mongosh cli'[39m,
    done: [33mtrue[39m
  }
]
[1G[0Jthe_database> [15G[1G[0Jthe_database> db.todos.find({})[32G[1G[0Jthe_database> db.todos.insertOne({[33mtext[39m: [32m"mongosh cli"[39m, [33mdone[39m: [33mtrue[39m})[68G[1D[1G[0Jthe_database> db.todos.insertOne[44m([49m{[33mtext[39m: [32m"mongosh cli"[39m, [33mdone[39m: [33mtrue[39m})[67G[1D[1G[0Jthe_database> db.todos.insertOne([44m{[49m[33mtext[39m: [32m"mongosh cli"[39m, [33mdone[39m: [33mtrue[39m})[66G[1D[1G[0Jthe_database> db.todos.insertOne({[33mtext[39m: [32m"mongosh cli"[39m, [33mdone[39m: [33mtrue[39m})[65G[1D[1D[1D[1D[1D[1D[1D[1D[1D[1D[1D[1D[1G[0Jthe_database> db.todos.insertOne({[33mtext[39m: [44m[32m"[49mmongosh cli"[39m, [33mdone[39m: [33mtrue[39m})[53G[1D[1G[0Jthe_database> db.todos.insertOne({[33mtext[39m: [32m"mongosh cli"[39m, [33mdone[39m: [33mtrue[39m})[52G[1C[1G[0Jthe_database> db.todos.insertOne({[33mtext[39m: [44m[32m"[49mmongosh cli"[39m, [33mdone[39m: [33mtrue[39m})[53G[1G[0Jthe_database> db.todos.insertOne({[33mtext[39m: [44m[32m"[49mmongosh cl"[39m, [33mdone[39m: [33mtrue[39m})[52G[1G[0Jthe_database> db.todos.insertOne({[33mtext[39m: [44m[32m"[49mmongosh c"[39m, [33mdone[39m: [33mtrue[39m})[51G[1G[0Jthe_database> db.todos.insertOne({[33mtext[39m: [44m[32m"[49mmongosh "[39m, [33mdone[39m: [33mtrue[39m})[50G[1G[0Jthe_database> db.todos.insertOne({[33mtext[39m: [44m[32m"[49mmongosh"[39m, [33mdone[39m: [33mtrue[39m})[49G[1G[0Jthe_database> db.todos.insertOne({[33mtext[39m: [44m[32m"[49mmongos"[39m, [33mdone[39m: [33mtrue[39m})[48G[1G[0Jthe_database> db.todos.insertOne({[33mtext[39m: [44m[32m"[49mmongo"[39m, [33mdone[39m: [33mtrue[39m})[47G[1G[0Jthe_database> db.todos.insertOne({[33mtext[39m: [44m[32m"[49mmong"[39m, [33mdone[39m: [33mtrue[39m})[46G[1G[0Jthe_database> db.todos.insertOne({[33mtext[39m: [44m[32m"[49mmon"[39m, [33mdone[39m: [33mtrue[39m})[45G[1G[0Jthe_database> db.todos.insertOne({[33mtext[39m: [44m[32m"[49mmo"[39m, [33mdone[39m: [33mtrue[39m})[44G[1G[0Jthe_database> db.todos.insertOne({[33mtext[39m: [44m[32m"[49mm"[39m, [33mdone[39m: [33mtrue[39m})[43G[1G[0Jthe_database> db.todos.insertOne({[33mtext[39m: [44m[32m"[49m"[39m, [33mdone[39m: [33mtrue[39m})[42G[1G[0Jthe_database> db.todos.insertOne({[33mtext[39m: [44m[32m"[49mI"[39m, [33mdone[39m: [33mtrue[39m})[43G[1G[0Jthe_database> db.todos.insertOne({[33mtext[39m: [44m[32m"[49mIn"[39m, [33mdone[39m: [33mtrue[39m})[44G[1G[0Jthe_database> db.todos.insertOne({[33mtext[39m: [44m[32m"[49mInc"[39m, [33mdone[39m: [33mtrue[39m})[45G[1G[0Jthe_database> db.todos.insertOne({[33mtext[39m: [44m[32m"[49mIncr"[39m, [33mdone[39m: [33mtrue[39m})[46G[1G[0Jthe_database> db.todos.insertOne({[33mtext[39m: [44m[32m"[49mIncre"[39m, [33mdone[39m: [33mtrue[39m})[47G[1G[0Jthe_database> db.todos.insertOne({[33mtext[39m: [44m[32m"[49mIncrea"[39m, [33mdone[39m: [33mtrue[39m})[48G[1G[0Jthe_database> db.todos.insertOne({[33mtext[39m: [44m[32m"[49mIncreas"[39m, [33mdone[39m: [33mtrue[39m})[49G[1G[0Jthe_database> db.todos.insertOne({[33mtext[39m: [44m[32m"[49mIncrease"[39m, [33mdone[39m: [33mtrue[39m})[50G[1G[0Jthe_database> db.todos.insertOne({[33mtext[39m: [44m[32m"[49mIncrease "[39m, [33mdone[39m: [33mtrue[39m})[51G[1G[0Jthe_database> db.todos.insertOne({[33mtext[39m: [44m[32m"[49mIncrease t"[39m, [33mdone[39m: [33mtrue[39m})[52G[1G[0Jthe_database> db.todos.insertOne({[33mtext[39m: [44m[32m"[49mIncrease th"[39m, [33mdone[39m: [33mtrue[39m})[53G[1G[0Jthe_database> db.todos.insertOne({[33mtext[39m: [44m[32m"[49mIncrease the"[39m, [33mdone[39m: [33mtrue[39m})[54G[1G[0Jthe_database> db.todos.insertOne({[33mtext[39m: [44m[32m"[49mIncrease the "[39m, [33mdone[39m: [33mtrue[39m})[55G[1G[0Jthe_database> db.todos.insertOne({[33mtext[39m: [44m[32m"[49mIncrease the n"[39m, [33mdone[39m: [33mtrue[39m})[56G[1G[0Jthe_database> db.todos.insertOne({[33mtext[39m: [44m[32m"[49mIncrease the nu"[39m, [33mdone[39m: [33mtrue[39m})[57G[1G[0Jthe_database> db.todos.insertOne({[33mtext[39m: [44m[32m"[49mIncrease the num"[39m, [33mdone[39m: [33mtrue[39m})[58G[1G[0Jthe_database> db.todos.insertOne({[33mtext[39m: [44m[32m"[49mIncrease the numb"[39m, [33mdone[39m: [33mtrue[39m})[59G[1G[0Jthe_database> db.todos.insertOne({[33mtext[39m: [44m[32m"[49mIncrease the numbe"[39m, [33mdone[39m: [33mtrue[39m})[60G[1G[0Jthe_database> db.todos.insertOne({[33mtext[39m: [44m[32m"[49mIncrease the number"[39m, [33mdone[39m: [33mtrue[39m})[61G[1G[0Jthe_database> db.todos.insertOne({[33mtext[39m: [44m[32m"[49mIncrease the number "[39m, [33mdone[39m: [33mtrue[39m})[62G[1G[0Jthe_database> db.todos.insertOne({[33mtext[39m: [44m[32m"[49mIncrease the number o"[39m, [33mdone[39m: [33mtrue[39m})[63G[1G[0Jthe_database> db.todos.insertOne({[33mtext[39m: [44m[32m"[49mIncrease the number of"[39m, [33mdone[39m: [33mtrue[39m})[64G[1G[0Jthe_database> db.todos.insertOne({[33mtext[39m: [44m[32m"[49mIncrease the number of "[39m, [33mdone[39m: [33mtrue[39m})[65G[1G[0Jthe_database> db.todos.insertOne({[33mtext[39m: [44m[32m"[49mIncrease the number of t"[39m, [33mdone[39m: [33mtrue[39m})[66G[1G[0Jthe_database> db.todos.insertOne({[33mtext[39m: [44m[32m"[49mIncrease the number of to"[39m, [33mdone[39m: [33mtrue[39m})[67G[1G[0Jthe_database> db.todos.insertOne({[33mtext[39m: [44m[32m"[49mIncrease the number of too"[39m, [33mdone[39m: [33mtrue[39m})[68G[1G[0Jthe_database> db.todos.insertOne({[33mtext[39m: [44m[32m"[49mIncrease the number of tool"[39m, [33mdone[39m: [33mtrue[39m})[69G[1G[0Jthe_database> db.todos.insertOne({[33mtext[39m: [44m[32m"[49mIncrease the number of tools"[39m, [33mdone[39m: [33mtrue[39m})[70G[1G[0Jthe_database> db.todos.insertOne({[33mtext[39m: [44m[32m"[49mIncrease the number of tools "[39m, [33mdone[39m: [33mtrue[39m})[71G[1G[0Jthe_database> db.todos.insertOne({[33mtext[39m: [44m[32m"[49mIncrease the number of tools i"[39m, [33mdone[39m: [33mtrue[39m})[72G[1G[0Jthe_database> db.todos.insertOne({[33mtext[39m: [44m[32m"[49mIncrease the number of tools in"[39m, [33mdone[39m: [33mtrue[39m})[73G[1G[0Jthe_database> db.todos.insertOne({[33mtext[39m: [44m[32m"[49mIncrease the number of tools in "[39m, [33mdone[39m: [33mtrue[39m})[74G[1G[0Jthe_database> db.todos.insertOne({[33mtext[39m: [44m[32m"[49mIncrease the number of tools in m"[39m, [33mdone[39m: [33mtrue[39m})[75G[1G[0Jthe_database> db.todos.insertOne({[33mtext[39m: [44m[32m"[49mIncrease the number of tools in my"[39m, [33mdone[39m: [33mtrue[39m})[76G[1G[0Jthe_database> db.todos.insertOne({[33mtext[39m: [44m[32m"[49mIncrease the number of tools in my "[39m, [33mdone[39m: [33mtrue[39m})[77G[1G[0Jthe_database> db.todos.insertOne({[33mtext[39m: [44m[32m"[49mIncrease the number of tools in my t"[39m, [33mdone[39m: [33mtrue[39m})[78G[1G[0Jthe_database> db.todos.insertOne({[33mtext[39m: [44m[32m"[49mIncrease the number of tools in my to"[39m, [33mdone[39m: [33mtrue[39m})[79G[1G[0Jthe_database> db.todos.insertOne({[33mtext[39m: [44m[32m"[49mIncrease the number of tools in my too"[39m, [33mdone[39m: [33mtrue[39m})[80G[1G[0Jthe_database> db.todos.insertOne({[33mtext[39m: [44m[32m"[49mIncrease the number of tools in my tool"[39m, [33mdone[39m: [33mtrue[39m})[81G[1G[0Jthe_database> db.todos.insertOne({[33mtext[39m: [44m[32m"[49mIncrease the number of tools in my toolb"[39m, [33mdone[39m: [33mtrue[39m})[82G[1G[0Jthe_database> db.todos.insertOne({[33mtext[39m: [44m[32m"[49mIncrease the number of tools in my toolbe"[39m, [33mdone[39m: [33mtrue[39m})[83G[1G[0Jthe_database> db.todos.insertOne({[33mtext[39m: [44m[32m"[49mIncrease the number of tools in my toolbel"[39m, [33mdone[39m: [33mtrue[39m})[84G[1G[0Jthe_database> db.todos.insertOne({[33mtext[39m: [44m[32m"[49mIncrease the number of tools in my toolbelf"[39m, [33mdone[39m: [33mtrue[39m})[85G[1G[0Jthe_database> db.todos.insertOne({[33mtext[39m: [44m[32m"[49mIncrease the number of tools in my toolbelft"[39m, [33mdone[39m: [33mtrue[39m})[86G[1G[0Jthe_database> db.todos.insertOne({[33mtext[39m: [44m[32m"[49mIncrease the number of tools in my toolbelf"[39m, [33mdone[39m: [33mtrue[39m})[85G[1G[0Jthe_database> db.todos.insertOne({[33mtext[39m: [44m[32m"[49mIncrease the number of tools in my toolbel"[39m, [33mdone[39m: [33mtrue[39m})[84G[1G[0Jthe_database> db.todos.insertOne({[33mtext[39m: [44m[32m"[49mIncrease the number of tools in my toolbelt"[39m, [33mdone[39m: [33mtrue[39m})[85G[1C[1G[0Jthe_database> db.todos.insertOne({[33mtext[39m: [32m"Increase the number of tools in my toolbelt"[39m, [33mdone[39m: [33mtrue[39m})[86G[1C[1C[1C[1C[1C[1C[1C[1C[1C[1C[1C[1C[1G[0Jthe_database> db.todos.insertOne([44m{[49m[33mtext[39m: [32m"Increase the number of tools in my toolbelt"[39m, [33mdone[39m: [33mtrue[39m})[98G[1G[0Jthe_database> db.todos.insertOne([44m{[49m[33mtext[39m: [32m"Increase the number of tools in my toolbelt"[39m, [33mdone[39m: tru})[97G[1G[0Jthe_database> db.todos.insertOne([44m{[49m[33mtext[39m: [32m"Increase the number of tools in my toolbelt"[39m, [33mdone[39m: tr})[96G[1G[0Jthe_database> db.todos.insertOne([44m{[49m[33mtext[39m: [32m"Increase the number of tools in my toolbelt"[39m, [33mdone[39m: t})[95G[1G[0Jthe_database> db.todos.insertOne([44m{[49m[33mtext[39m: [32m"Increase the number of tools in my toolbelt"[39m, [33mdone[39m: })[94G[1G[0Jthe_database> db.todos.insertOne([44m{[49m[33mtext[39m: [32m"Increase the number of tools in my toolbelt"[39m, [33mdone[39m:})[93G[1G[0Jthe_database> db.todos.insertOne([44m{[49m[33mtext[39m: [32m"Increase the number of tools in my toolbelt"[39m, [33mdone[39m:f})[94G[1G[0Jthe_database> db.todos.insertOne([44m{[49m[33mtext[39m: [32m"Increase the number of tools in my toolbelt"[39m, [33mdone[39m:fa})[95G[1G[0Jthe_database> db.todos.insertOne([44m{[49m[33mtext[39m: [32m"Increase the number of tools in my toolbelt"[39m, [33mdone[39m:f})[94G[1G[0Jthe_database> db.todos.insertOne([44m{[49m[33mtext[39m: [32m"Increase the number of tools in my toolbelt"[39m, [33mdone[39m:})[93G[1G[0Jthe_database> db.todos.insertOne([44m{[49m[33mtext[39m: [32m"Increase the number of tools in my toolbelt"[39m, [33mdone[39m: })[94G[1G[0Jthe_database> db.todos.insertOne([44m{[49m[33mtext[39m: [32m"Increase the number of tools in my toolbelt"[39m, [33mdone[39m: f})[95G[1G[0Jthe_database> db.todos.insertOne([44m{[49m[33mtext[39m: [32m"Increase the number of tools in my toolbelt"[39m, [33mdone[39m: fa})[96G[1G[0Jthe_database> db.todos.insertOne([44m{[49m[33mtext[39m: [32m"Increase the number of tools in my toolbelt"[39m, [33mdone[39m: fal})[97G[1G[0Jthe_database> db.todos.insertOne([44m{[49m[33mtext[39m: [32m"Increase the number of tools in my toolbelt"[39m, [33mdone[39m: fals})[98G[1G[0Jthe_database> db.todos.insertOne([44m{[49m[33mtext[39m: [32m"Increase the number of tools in my toolbelt"[39m, [33mdone[39m: [33mfalse[39m})[99G[2C[1G[0Jthe_database> db.todos.insertOne({[33mtext[39m: [32m"Increase the number of tools in my toolbelt"[39m, [33mdone[39m: [33mfalse[39m})[101G
{
  acknowledged: [33mtrue[39m,
  insertedId: ObjectId("631db92cdfec6326372b6454")
}
[1G[0Jthe_database> [15G[1G[0Jthe_database> db.todos.insertOne({[33mtext[39m: [32m"Increase the number of tools in my toolbelt"[39m, [33mdone[39m: [33mfalse[39m})[101G[1G[0Jthe_database> db.todos.find({})[32G
[
  {
    _id: ObjectId("631da13175c3c55a69bd33c7"),
    text: [32m'Write code'[39m,
    done: [33mtrue[39m
  },
  {
    _id: ObjectId("631da13175c3c55a69bd33c8"),
    text: [32m'Postman posting final 2'[39m,
    done: [33mtrue[39m
  },
  {
    _id: ObjectId("631da1435147ea19e00a0a27"),
    text: [32m'Postman posting'[39m,
    done: [33mfalse[39m,
    __v: [33m0[39m
  },
  {
    _id: ObjectId("631db8ebdfec6326372b6453"),
    text: [32m'mongosh cli'[39m,
    done: [33mtrue[39m
  },
  {
    _id: ObjectId("631db92cdfec6326372b6454"),
    text: [32m'Increase the number of tools in my toolbelt'[39m,
    done: [33mfalse[39m
  }
]
[1G[0Jthe_database> [15Gexit
root@1c4642d75392:/# exit
exit
]0;kahukas@DESKTOP-OJF6RLO: ~/FSO22-containers/todo-backend[01;32mkahukas@DESKTOP-OJF6RLO[00m:[01;34m~/FSO22-containers/todo-backend[00m$ exit
exit

Script done on 2022-09-11 13:32:34+03:00 [COMMAND_EXIT_CODE="0"]
